---
source: libsql-wal/src/bottomless/job.rs
expression: data.len()
---
8268
