---
source: libsql-wal/src/bottomless/job.rs
expression: segment_index.len()
---
50
