---
source: libsql-wal/src/bottomless/job.rs
expression: "crc32fast::hash(&segment_index)"
---
1844457043
