---
source: libsql-wal/src/bottomless/job.rs
expression: "crc32fast::hash(&data)"
---
558161692
